[pixner.net/bankio/main/index.html]
[backblue.gif]
[fade.gif]
[index.html]
[pixner.net/bankio/main/assets/images/fav.png]
[pixner.net/bankio/main/assets/css/bootstrap.min.css]
[pixner.net/bankio/main/assets/css/fontawesome.min.css]
[pixner.net/bankio/main/assets/css/jquery-ui.css]
[pixner.net/bankio/main/assets/css/plugin/nice-select.css]
[pixner.net/bankio/main/assets/css/plugin/slick.css]
[pixner.net/bankio/main/assets/css/arafat-font.css]
[pixner.net/bankio/main/assets/css/plugin/animate.css]
[pixner.net/bankio/main/assets/css/style.min.css]
[pixner.net/bankio/main/assets/css/style-rtl.min.css]
[pixner.net/bankio/main/assets/images/logo.png]
[pixner.net/bankio/main/about.html]
[pixner.net/bankio/main/account.html]
[pixner.net/bankio/main/account-details.html]
[pixner.net/bankio/main/product.html]
[pixner.net/bankio/main/business-loan.html]
[pixner.net/bankio/main/educations-loan.html]
[pixner.net/bankio/main/home-loan.html]
[pixner.net/bankio/main/car-loan.html]
[pixner.net/bankio/main/personal-loan.html]
[pixner.net/bankio/main/card.html]
[pixner.net/bankio/main/affiliate.html]
[pixner.net/bankio/main/blog-list.html]
[pixner.net/bankio/main/blog-grid.html]
[pixner.net/bankio/main/blog-single.html]
[pixner.net/bankio/main/remittance.html]
[pixner.net/bankio/main/career-single.html]
[pixner.net/bankio/main/faqs.html]
[pixner.net/bankio/main/login.html]
[pixner.net/bankio/main/password-set.html]
[pixner.net/bankio/main/varify-number.html]
[pixner.net/bankio/main/otp.html]
[pixner.net/bankio/main/terms-conditions.html]
[pixner.net/bankio/main/privacy-policy.html]
[pixner.net/bankio/main/contact.html]
[pixner.net/bankio/main/register.html]
[pixner.net/bankio/main/assets/images/partner-1.png]
[pixner.net/bankio/main/assets/images/partner-2.png]
[pixner.net/bankio/main/assets/images/partner-3.png]
[pixner.net/bankio/main/assets/images/partner-4.png]
[pixner.net/bankio/main/assets/images/partner-5.png]
[pixner.net/bankio/main/assets/images/icon/notification.png]
[pixner.net/bankio/main/assets/images/icon/check.png]
[pixner.net/bankio/main/assets/images/feature-item-1.png]
[pixner.net/bankio/main/assets/images/feature-item-2.png]
[pixner.net/bankio/main/assets/images/icon/sheled.png]
[pixner.net/bankio/main/assets/images/icon/checking.png]
[pixner.net/bankio/main/assets/images/icon/arrow-right.png]
[pixner.net/bankio/main/assets/images/icon/savings.png]
[pixner.net/bankio/main/assets/images/icon/business.png]
[pixner.net/bankio/main/assets/images/google-play.png]
[pixner.net/bankio/main/assets/images/app-store.png]
[pixner.net/bankio/main/assets/images/apps.png]
[pixner.net/bankio/main/assets/images/card-img-2.png]
[pixner.net/bankio/main/assets/images/icon/tab-card-1.png]
[pixner.net/bankio/main/assets/images/icon/tab-card-11.png]
[pixner.net/bankio/main/assets/images/icon/tab-card-2.png]
[pixner.net/bankio/main/assets/images/icon/tab-card-22.png]
[pixner.net/bankio/main/assets/images/icon/tab-card-3.png]
[pixner.net/bankio/main/assets/images/icon/tab-card-33.png]
[pixner.net/bankio/main/assets/images/icon/tab-card-4.png]
[pixner.net/bankio/main/assets/images/icon/tab-card-44.png]
[pixner.net/bankio/main/assets/images/icon/loan-1.png]
[pixner.net/bankio/main/assets/images/icon/loan-11.png]
[pixner.net/bankio/main/assets/images/icon/loan-2.png]
[pixner.net/bankio/main/assets/images/icon/loan-22.png]
[pixner.net/bankio/main/assets/images/icon/loan-3.png]
[pixner.net/bankio/main/assets/images/icon/loan-33.png]
[pixner.net/bankio/main/assets/images/icon/loan-4.png]
[pixner.net/bankio/main/assets/images/icon/loan-44.png]
[pixner.net/bankio/main/assets/images/personalized.png]
[pixner.net/bankio/main/assets/images/testomonial.png]
[pixner.net/bankio/main/assets/images/icon/quote.png]
[pixner.net/bankio/main/assets/images/blog-1.png]
[pixner.net/bankio/main/assets/images/icon/user.png]
[pixner.net/bankio/main/assets/images/icon/calendar.png]
[pixner.net/bankio/main/assets/images/blog-2.png]
[pixner.net/bankio/main/assets/images/blog-3.png]
[pixner.net/bankio/main/assets/images/get-start.png]
[pixner.net/bankio/main/assets/images/footer-Illu-left.png]
[pixner.net/bankio/main/assets/images/footer-Illu-right.png]
[pixner.net/cdn-cgi/scripts/5c5dd728/cloudflare-static/email-decode.min.js]
[pixner.net/bankio/main/assets/js/jquery.min.js]
[pixner.net/bankio/main/assets/js/jquery-ui.js]
[pixner.net/bankio/main/assets/js/bootstrap.min.js]
[pixner.net/bankio/main/assets/js/fontawesome.js]
[pixner.net/bankio/main/assets/js/plugin/slick.js]
[pixner.net/bankio/main/assets/js/plugin/apexcharts.min.js]
[pixner.net/bankio/main/assets/js/plugin/jquery.nice-select.min.js]
[pixner.net/bankio/main/assets/js/plugin/wow.min.js]
[pixner.net/bankio/main/assets/js/plugin/plugin.js]
[pixner.net/bankio/main/index.html]
[pixner.net/bankio/main/assets/css/bootstrap.min.css]
[pixner.net/bankio/main/assets/js/main.js]
[pixner.net/bankio/main/assets/webfonts/fa-brands-400.eot]
[pixner.net/bankio/main/assets/webfonts/fa-brands-400d41d.eot]
[pixner.net/bankio/main/assets/webfonts/fa-brands-400.woff2]
[pixner.net/bankio/main/assets/webfonts/fa-brands-400.woff]
[pixner.net/bankio/main/assets/webfonts/fa-brands-400.ttf]
[pixner.net/bankio/main/assets/webfonts/fa-regular-400.eot]
[pixner.net/bankio/main/assets/webfonts/fa-brands-400.svg]
[pixner.net/bankio/main/assets/webfonts/fa-regular-400d41d.eot]
[pixner.net/bankio/main/assets/webfonts/fa-regular-400.woff2]
[pixner.net/bankio/main/assets/webfonts/fa-regular-400.woff]
[pixner.net/bankio/main/assets/webfonts/fa-regular-400.ttf]
[pixner.net/bankio/main/assets/webfonts/fa-regular-400.svg]
[pixner.net/bankio/main/assets/webfonts/fa-solid-900.eot]
[pixner.net/bankio/main/assets/webfonts/fa-solid-900d41d.eot]
[pixner.net/bankio/main/assets/webfonts/fa-solid-900.woff2]
[pixner.net/bankio/main/assets/webfonts/fa-solid-900.woff]
[pixner.net/bankio/main/assets/webfonts/fa-solid-900.ttf]
[pixner.net/bankio/main/assets/css/fontawesome.min.css]
[pixner.net/bankio/main/assets/webfonts/fa-solid-900.svg]
[pixner.net/bankio/main/assets/css/images/ui-icons_444444_256x240.png]
[pixner.net/bankio/main/assets/css/images/ui-icons_555555_256x240.png]
[pixner.net/bankio/main/assets/css/images/ui-icons_ffffff_256x240.png]
[pixner.net/bankio/main/assets/css/images/ui-icons_777620_256x240.png]
[pixner.net/bankio/main/assets/css/images/ui-icons_cc0000_256x240.png]
[pixner.net/bankio/main/assets/css/images/ui-icons_777777_256x240.png]
[pixner.net/bankio/main/assets/css/jquery-ui.css]
[pixner.net/bankio/main/assets/css/plugin/nice-select.css]
[pixner.net/bankio/main/assets/css/plugin/slick.css]
[pixner.net/bankio/main/assets/webfonts/arafat-font.eot]
[pixner.net/bankio/main/assets/webfonts/arafat-fontd41d.eot]
[pixner.net/bankio/main/assets/webfonts/arafat-font.woff]
[pixner.net/bankio/main/assets/webfonts/arafat-font.ttf]
[pixner.net/bankio/main/assets/css/arafat-font.css]
[pixner.net/bankio/main/assets/css/plugin/animate.css]
[pixner.net/bankio/main/assets/webfonts/arafat-font.svg]
[pixner.net/bankio/main/assets/images/preloader.gif]
[pixner.net/bankio/main/assets/images/icon/menu-down.png]
[pixner.net/bankio/main/assets/images/banner-bg.png]
[pixner.net/bankio/main/assets/images/about-left.png]
[pixner.net/bankio/main/assets/images/about-right.png]
[pixner.net/bankio/main/assets/images/career-single-banner.png]
[pixner.net/bankio/main/assets/images/account-banner.png]
[pixner.net/bankio/main/assets/images/account-details-banner.png]
[pixner.net/bankio/main/assets/images/card-banner-bg.png]
[pixner.net/bankio/main/assets/images/card-banner.png]
[pixner.net/bankio/main/assets/images/product-banner.png]
[pixner.net/bankio/main/assets/images/car-banner.png]
[pixner.net/bankio/main/assets/images/business-banner.png]
[pixner.net/bankio/main/assets/images/home-banner.png]
[pixner.net/bankio/main/assets/images/educations-banner.png]
[pixner.net/bankio/main/assets/images/personal-banner.png]
[pixner.net/bankio/main/assets/images/contact-banner.png]
[pixner.net/bankio/main/assets/images/remittance-Illu.png]
[pixner.net/bankio/main/assets/images/remittance-city-bg.png]
[pixner.net/bankio/main/assets/images/affiliate-circle.png]
[pixner.net/bankio/main/assets/images/blog-banner.png]
[pixner.net/bankio/main/assets/images/faqs-banner.png]
[pixner.net/bankio/main/assets/images/privacy-banner.png]
[pixner.net/bankio/main/assets/images/terms-banner.png]
[pixner.net/bankio/main/assets/images/icon/right-icon.png]
[pixner.net/bankio/main/assets/images/solutions-business-bg.png]
[pixner.net/bankio/main/assets/images/card-bg.png]
[pixner.net/bankio/main/assets/images/call-action-bg.png]
[pixner.net/bankio/main/assets/images/call-action-card-bg.png]
[pixner.net/bankio/main/assets/images/call-action-card-second.png]
[pixner.net/bankio/main/assets/images/affiliate-card.png]
[pixner.net/bankio/main/assets/images/icon/minus.png]
[pixner.net/bankio/main/assets/images/icon/plus.png]
[pixner.net/bankio/main/assets/images/circle.png]
[pixner.net/bankio/main/assets/images/card-feature-right.png]
[pixner.net/bankio/main/assets/images/apply-for-loan-bg.png]
[pixner.net/bankio/main/assets/images/apply-loan-banner.png]
[pixner.net/bankio/main/assets/images/icon/check-1.png]
[pixner.net/bankio/main/assets/images/get-in-touch-bg.png]
[pixner.net/bankio/main/assets/images/counter-bg.png]
[pixner.net/bankio/main/assets/images/how-it-works-circle.png]
[pixner.net/bankio/main/assets/images/congratulation-bg.png]
[pixner.net/bankio/main/assets/images/divider-1.png]
[pixner.net/bankio/main/assets/images/divider-2.png]
[pixner.net/bankio/main/assets/images/sign-in-up-bg.png]
[pixner.net/bankio/main/assets/css/style.min.css]
[pixner.net/bankio/main/assets/css/style-rtl.min.css]
[pixner.net/bankio/main/assets/images/about-img-1.png]
[pixner.net/bankio/main/assets/images/about-img-2.png]
[pixner.net/bankio/main/assets/images/about-img-3.png]
[pixner.net/bankio/main/assets/images/icon/core-values-1.png]
[pixner.net/bankio/main/assets/images/icon/core-values-2.png]
[pixner.net/bankio/main/assets/images/icon/core-values-3.png]
[pixner.net/bankio/main/assets/images/world-map.png]
[pixner.net/bankio/main/assets/images/icon/maps-dot.png]
[pixner.net/bankio/main/assets/images/icon/our-journey-1.png]
[pixner.net/bankio/main/assets/images/icon/our-journey-2.png]
[pixner.net/bankio/main/assets/images/icon/our-journey-3.png]
[pixner.net/bankio/main/assets/images/icon/our-journey-4.png]
[pixner.net/bankio/main/assets/images/team-2.png]
[pixner.net/bankio/main/assets/images/team-1.png]
[pixner.net/bankio/main/assets/images/team-3.png]
[pixner.net/bankio/main/assets/images/team-4.png]
[pixner.net/bankio/main/assets/images/team-5.png]
[pixner.net/bankio/main/assets/images/team-6.png]
[pixner.net/bankio/main/assets/images/team-7.png]
[pixner.net/bankio/main/assets/images/team-8.png]
[pixner.net/bankio/main/assets/js/plugin/waypoint.min.js]
[pixner.net/bankio/main/about.html]
[pixner.net/bankio/main/assets/js/plugin/counter.js]
[pixner.net/bankio/main/assets/images/icon/account-feature-1.png]
[pixner.net/bankio/main/assets/images/icon/account-feature-2.png]
[pixner.net/bankio/main/assets/images/icon/account-feature-3.png]
[pixner.net/bankio/main/assets/images/more-feature.png]
[pixner.net/bankio/main/account.html]
[pixner.net/bankio/main/assets/images/saving-account-Illu.png]
[pixner.net/bankio/main/assets/images/how-works-1.png]
[pixner.net/bankio/main/assets/images/how-works-2.png]
[pixner.net/bankio/main/assets/images/how-works-3.png]
[pixner.net/bankio/main/assets/images/how-works-4.png]
[pixner.net/bankio/main/account-details.html]
[pixner.net/bankio/main/assets/images/personalized-solution-bg.png]
[pixner.net/bankio/main/product.html]
[pixner.net/bankio/main/assets/images/about-business-loan-Illus.png]
[pixner.net/bankio/main/assets/images/business-loan-section-left.png]
[pixner.net/bankio/main/assets/images/security-area-left.png]
[pixner.net/bankio/main/assets/images/icon/how-works-1.png]
[pixner.net/bankio/main/assets/images/icon/how-works-11.png]
[pixner.net/bankio/main/assets/images/icon/how-works-2.png]
[pixner.net/bankio/main/assets/images/icon/how-works-22.png]
[pixner.net/bankio/main/assets/images/icon/how-works-3.png]
[pixner.net/bankio/main/assets/images/icon/how-works-33.png]
[pixner.net/bankio/main/assets/images/icon/how-works-4.png]
[pixner.net/bankio/main/assets/images/icon/how-works-44.png]
[pixner.net/bankio/main/assets/images/how-works-business.png]
[pixner.net/bankio/main/business-loan.html]
[pixner.net/bankio/main/assets/images/about-educations-loan-Illus.png]
[pixner.net/bankio/main/assets/images/counter-Illus.png]
[pixner.net/bankio/main/assets/images/icon/get-loan-1.png]
[pixner.net/bankio/main/assets/images/icon/get-loan-2.png]
[pixner.net/bankio/main/assets/images/icon/get-loan-3.png]
[pixner.net/bankio/main/assets/images/icon/get-loan-4.png]
[pixner.net/bankio/main/assets/images/our-products-Illus.png]
[pixner.net/bankio/main/assets/images/icon/student-loans.png]
[pixner.net/bankio/main/assets/images/icon/refinancing.png]
[pixner.net/bankio/main/assets/images/testimonials-image-1.png]
[pixner.net/bankio/main/assets/images/testimonials-image-2.png]
[pixner.net/bankio/main/assets/images/testimonials-image-3.png]
[pixner.net/bankio/main/educations-loan.html]
[pixner.net/bankio/main/assets/images/about-home-loan-Illus.png]
[pixner.net/bankio/main/assets/images/icon/loan-feature-1.png]
[pixner.net/bankio/main/assets/images/icon/loan-feature-2.png]
[pixner.net/bankio/main/assets/images/icon/loan-feature-3.png]
[pixner.net/bankio/main/assets/images/icon/loan-feature-4.png]
[pixner.net/bankio/main/assets/images/icon/loan-feature-5.png]
[pixner.net/bankio/main/assets/images/icon/loan-feature-6.png]
[pixner.net/bankio/main/assets/images/home-loan-section-right.png]
[pixner.net/bankio/main/assets/images/how-it-works-home.png]
[pixner.net/bankio/main/home-loan.html]
[pixner.net/bankio/main/assets/images/about-car-loan-Illus.png]
[pixner.net/bankio/main/car-loan.html]
[pixner.net/bankio/main/assets/images/about-personal-loan-Illus.png]
[pixner.net/bankio/main/assets/images/credit-history-left.png]
[pixner.net/bankio/main/assets/images/pay-early-right.png]
[pixner.net/bankio/main/assets/images/get-personal-loan.png]
[pixner.net/bankio/main/personal-loan.html]
[pixner.net/bankio/main/assets/images/icon/card-feature-1.png]
[pixner.net/bankio/main/assets/images/card-left-Illus.png]
[pixner.net/bankio/main/assets/images/card-1.png]
[pixner.net/bankio/main/assets/images/card-2.png]
[pixner.net/bankio/main/assets/images/card-3.png]
[pixner.net/bankio/main/card.html]
[pixner.net/bankio/main/assets/images/affiliate-banner-1.png]
[pixner.net/bankio/main/assets/images/affiliate-banner-2.png]
[pixner.net/bankio/main/assets/images/icon/remittance-1.png]
[pixner.net/bankio/main/assets/images/icon/dashboard.png]
[pixner.net/bankio/main/assets/images/icon/how-works-affiliate-1.png]
[pixner.net/bankio/main/assets/images/how-it-works-ellipse.png]
[pixner.net/bankio/main/assets/images/icon/copy-icon.png]
[pixner.net/bankio/main/assets/images/icon/share-icon.png]
[pixner.net/bankio/main/assets/images/card-with-bg.png]
[pixner.net/bankio/main/assets/images/icon/how-works-affiliate-2.png]
[pixner.net/bankio/main/assets/images/icon/how-works-affiliate-3.png]
[pixner.net/bankio/main/affiliate.html]
[pixner.net/bankio/main/assets/images/blog-post-1.png]
[pixner.net/bankio/main/assets/images/blog-post-2.png]
[pixner.net/bankio/main/assets/images/blog-post-3.png]
[pixner.net/bankio/main/assets/images/blog-post-4.png]
[pixner.net/bankio/main/assets/images/blog-post-5.png]
[pixner.net/bankio/main/assets/images/icon/search.png]
[pixner.net/bankio/main/assets/images/popular-posts-1.png]
[pixner.net/bankio/main/assets/images/popular-posts-2.png]
[pixner.net/bankio/main/assets/images/popular-posts-3.png]
[pixner.net/bankio/main/blog-list.html]
[pixner.net/bankio/main/blog-grid.html]
[pixner.net/bankio/main/assets/images/blog-single-img-1.png]
[pixner.net/bankio/main/assets/images/blog-single-img-2.png]
[pixner.net/bankio/main/assets/images/blog-single-img-3.png]
[pixner.net/bankio/main/assets/images/author-image.png]
[pixner.net/bankio/main/blog-single.html]
[pixner.net/bankio/main/assets/images/united-states.png]
[pixner.net/bankio/main/assets/images/austria.png]
[pixner.net/bankio/main/assets/images/icon/remittance-2.png]
[pixner.net/bankio/main/assets/images/icon/remittance-3.png]
[pixner.net/bankio/main/assets/images/icon/remittance-4.png]
[pixner.net/bankio/main/assets/images/icon/more-features-1.png]
[pixner.net/bankio/main/assets/images/icon/more-features-2.png]
[pixner.net/bankio/main/assets/images/icon/more-features-3.png]
[pixner.net/bankio/main/assets/images/icon/more-features-4.png]
[pixner.net/bankio/main/assets/images/right-choice-Illus.png]
[pixner.net/bankio/main/assets/images/security-left.png]
[pixner.net/bankio/main/remittance.html]
[pixner.net/bankio/main/assets/images/icon/time-icon.png]
[pixner.net/bankio/main/assets/images/icon/map-icon.png]
[pixner.net/bankio/main/career-single.html]
[pixner.net/bankio/main/faqs.html]
[pixner.net/bankio/main/assets/images/icon/show-hide.png]
[pixner.net/bankio/main/login.html]
[pixner.net/bankio/main/assets/images/icon/arrow-left.png]
[pixner.net/bankio/main/password-set.html]
[pixner.net/bankio/main/varify-number.html]
[pixner.net/bankio/main/otp.html]
[pixner.net/bankio/main/terms-conditions.html]
[pixner.net/bankio/main/privacy-policy.html]
[pixner.net/bankio/main/assets/images/icon/need-help-1.png]
[pixner.net/bankio/main/assets/images/icon/need-help-2.png]
[pixner.net/bankio/main/assets/images/icon/need-help-3.png]
[pixner.net/bankio/main/contact.html]
[pixner.net/bankio/main/register.html]
[pixner.net/bankio/main/assets/webfonts/fa-brands-400.svg]
[pixner.net/bankio/main/assets/webfonts/fa-regular-400.svg]
[pixner.net/bankio/main/assets/js/contact.js]
[pixner.net/bankio/main/assets/images/card-img-1.png]
[pixner.net/bankio/main/assets/webfonts/fa-solid-900.svg]
[pixner.net/bankio/main/assets/css/images/ui-icons_444444_256x240.html]
[pixner.net/bankio/main/assets/css/images/ui-icons_555555_256x240.html]
[pixner.net/bankio/main/assets/css/images/ui-icons_ffffff_256x240.html]
[pixner.net/bankio/main/assets/css/images/ui-icons_777620_256x240.html]
[pixner.net/bankio/main/assets/css/images/ui-icons_cc0000_256x240.html]
[pixner.net/bankio/main/assets/css/images/ui-icons_777777_256x240.html]
[pixner.net/bankio/main/assets/webfonts/arafat-font.svg]
